
[[(1,0),(0,0),(0,0),(0,0)]
 [(0,0),(1,0),(0,0),(0,0)]
 [(0,0),(0,0),(1,0),(0,0)]
 [(0,0),(0,0),(0,0),(1,0)]]

[[(1,0),(0,0),(0,0),(0,0)]
 [(0,0),(1,0),(0,0),(0,0)]
 [(0,0),(0,0),(1,0),(0,0)]
 [(0,0),(0,0),(0,0),(1,0)]]
The local Hamiltonian of the problem:
-1*C^+(down,0)C(down,0) + -1*C^+(down,1)C(down,1) + -1*C^+(up,0)C(up,0) + -1*C^+(up,1)C(up,1) + 1.4*C^+(down,0)C^+(down,1)C(down,1)C(down,0) + 0.2*C^+(down,0)C^+(up,0)C(up,1)C(down,1) + 2*C^+(down,0)C^+(up,0)C(up,0)C(down,0) + 1.6*C^+(down,0)C^+(up,1)C(up,1)C(down,0) + 0.2*C^+(down,0)C^+(up,1)C(up,0)C(down,1) + 0.2*C^+(down,1)C^+(up,0)C(up,1)C(down,0) + 1.6*C^+(down,1)C^+(up,0)C(up,0)C(down,1) + 2*C^+(down,1)C^+(up,1)C(up,1)C(down,1) + 0.2*C^+(down,1)C^+(up,1)C(up,0)C(down,0) + 1.4*C^+(up,0)C^+(up,1)C(up,1)C(up,0)
Using autopartition algorithm to partition the local Hilbert space
Found 14 subspaces.

[[(1,0),(0,0),(0,0),(0,0)]

 [(0,0),(1,0),(0,0),(0,0)]
[[(1,0),(0,0),(0,0),(0,0)]
 [(0,0),(1,0),(0,0),(0,0)]
 [(0,0),(0,0),(1,0),(0,0)]
 [(0,0),(0,0),(0,0),(1,0)]]
 [(0,0),(0,0),(1,0),(0,0)]
 [(0,0),(0,0),(0,0),(1,0)]]


[[(1,0),(0,0),(0,0),(0,0)]
 [(0,0),(1,0),(0,0),(0,0)]
 [(0,0),(0,0),(1,0),(0,0)]
 [(0,0),(0,0),(0,0),(1,0)]]

[[(1,0),(0,0),(0,0),(0,0)]
 [(0,0),(1,0),(0,0),(0,0)]
 [(0,0),(0,0),(1,0),(0,0)]
 [(0,0),(0,0),(0,0),(1,0)]]

[[(1,0),(0,0),(0,0),(0,0)]
 [(0,0),(1,0),(0,0),(0,0)]
 [(0,0),(0,0),(1,0),(0,0)]
 [(0,0),(0,0),(0,0),(1,0)]]

[[(1,0),(0,0),(0,0),(0,0)]
 [(0,0),(1,0),(0,0),(0,0)]
 [(0,0),(0,0),(1,0),(0,0)]
 [(0,0),(0,0),(0,0),(1,0)]]
1%; 2%; 3%; 4%; 5%; 6%; 7%; 8%; 9%; 10%; 11%; 12%; 13%; 14%; 15%; 16%; 17%; 18%; 19%; 20%; 21%; 22%; 23%; 24%; 25%; 26%; 27%; 28%; 29%; 30%; 31%; 32%; 33%; 34%; 35%; 36%; 37%; 38%; 39%; 40%; 41%; 42%; 43%; 44%; 45%; 46%; 47%; 48%; 49%; 50%; 51%; 52%; 53%; 54%; 55%; 56%; 57%; 58%; 59%; 60%; 61%; 62%; 63%; 64%; 65%; 66%; 67%; 68%; 69%; 70%; 71%; 72%; 73%; 74%; 75%; 76%; 77%; 78%; 79%; 80%; 81%; 82%; 83%; 84%; 85%; 86%; 87%; 88%; 89%; 90%; 91%; 92%; 93%; 94%; 95%; 96%; 97%; 98%; 99%; 100%; 

density  from the sliding method (0.636614,0)
<c cdag> from the sliding method (1.51746,0)
[Node 0] Acceptance rate for all moves:
Move set Insert two operators: 0.0440094
  Move  Insert Delta_down: 0.043968
  Move  Insert Delta_up: 0.0440507
Move set Remove two operators: 0.0439985
  Move  Remove Delta_down: 0.0439453
  Move  Remove Delta_up: 0.0440517
Move set Insert four operators: 0.00391572
  Move  Insert Delta_down_down: 0.00492827
  Move  Insert Delta_down_up: 0.00291949
  Move  Insert Delta_up_down: 0.00288972
  Move  Insert Delta_up_up: 0.00492586
Move set Remove four operators: 0.00392105
  Move  Remove Delta_down_down: 0.00494967
  Move  Remove Delta_down_up: 0.00290014
  Move  Remove Delta_up_down: 0.00291309
  Move  Remove Delta_up_up: 0.00492095
Move  Shift one operator: 0.268727
[Node 0] Simulation lasted: 300 seconds
[Node 0] Number of measures: 500000
Total number of measures: 4000000
Average sign: 0.999998
Average sign: 0.999998
Average sign: 0.999998
Average sign: 0.999998
Average sign: 0.999998
Average sign: 0.999998
Average sign: 0.999998
Average sign: 0.999998
GF density  {'down': array([[ 0.29833873 -1.56558794e-16j,  0.00000000 +0.00000000e+00j],
GF density  {'down': array([[ 0.29833873 -1.56558794e-16j,  0.00000000 +0.00000000e+00j],
       [ 0.00000000 -0.00000000e+00j,  0.29053189 -1.11152407e-16j]]), 'up': array([[ 0.29695055 -1.08203377e-16j,  0.00000000 +0.00000000e+00j],
       [ 0.00000000 -0.00000000e+00j,  0.31126791 -1.27458807e-16j]])}
       [ 0.00000000 -0.00000000e+00j,  0.29053189 -1.11152407e-16j]]), 'up': array([[ 0.29695055 -1.08203377e-16j,  0.00000000 +0.00000000e+00j],
       [ 0.00000000 -0.00000000e+00j,  0.31126791 -1.27458807e-16j]])}
GF density  {'down': array([[ 0.29833873 -1.56558794e-16j,  0.00000000 +0.00000000e+00j],
       [ 0.00000000 -0.00000000e+00j,  0.29053189 -1.11152407e-16j]]), 'up': array([[ 0.29695055 -1.08203377e-16j,  0.00000000 +0.00000000e+00j],
       [ 0.00000000 -0.00000000e+00j,  0.31126791 -1.27458807e-16j]])}
GF density  {'down': array([[ 0.29833873 -1.56558794e-16j,  0.00000000 +0.00000000e+00j],
       [ 0.00000000 -0.00000000e+00j,  0.29053189 -1.11152407e-16j]]), 'up': array([[ 0.29695055 -1.08203377e-16j,  0.00000000 +0.00000000e+00j],
       [ 0.00000000 -0.00000000e+00j,  0.31126791 -1.27458807e-16j]])}
GF density  {'down': array([[ 0.29833873 -1.56558794e-16j,  0.00000000 +0.00000000e+00j],
       [ 0.00000000 -0.00000000e+00j,  0.29053189 -1.11152407e-16j]]), 'up': array([[ 0.29695055 -1.08203377e-16j,  0.00000000 +0.00000000e+00j],
       [ 0.00000000 -0.00000000e+00j,  0.31126791 -1.27458807e-16j]])}
GF density  {'down': array([[ 0.29833873 -1.56558794e-16j,  0.00000000 +0.00000000e+00j],
GF total density  1.19708909036
       [ 0.00000000 -0.00000000e+00j,  0.29053189 -1.11152407e-16j]]), 'up': array([[ 0.29695055 -1.08203377e-16j,  0.00000000 +0.00000000e+00j],
       [ 0.00000000 -0.00000000e+00j,  0.31126791 -1.27458807e-16j]])}
GF total density  1.19708909036
GF total density  1.19708909036
GF density  {'down': array([[ 0.29833873 -1.56558794e-16j,  0.00000000 +0.00000000e+00j],
       [ 0.00000000 -0.00000000e+00j,  0.29053189 -1.11152407e-16j]]), 'up': array([[ 0.29695055 -1.08203377e-16j,  0.00000000 +0.00000000e+00j],
       [ 0.00000000 -0.00000000e+00j,  0.31126791 -1.27458807e-16j]])}
GF total density  1.19708909036
GF total density  1.19708909036
GF total density  1.19708909036
GF total density  1.19708909036
GF density  {'down': array([[ 0.29833873 -1.56558794e-16j,  0.00000000 +0.00000000e+00j],
       [ 0.00000000 -0.00000000e+00j,  0.29053189 -1.11152407e-16j]]), 'up': array([[ 0.29695055 -1.08203377e-16j,  0.00000000 +0.00000000e+00j],
       [ 0.00000000 -0.00000000e+00j,  0.31126791 -1.27458807e-16j]])}
GF total density  1.19708909036
