
[[(1,0),(0,0),(0,0),(0,0)]
 [(0,0),(1,0),(0,0),(0,0)]
 [(0,0),(0,0),(1,0),(0,0)]
 [(0,0),(0,0),(0,0),(1,0)]]

[[(1,0),(0,0),(0,0),(0,0)]

[[(1,0),(0,0),(0,0),(0,0)]
 [(0,0),(1,0),(0,0),(0,0)]
 [(0,0),(1,0),(0,0),(0,0)]
 [(0,0),(0,0),(1,0),(0,0)]
 [(0,0),(0,0),(1,0),(0,0)]
 [(0,0),(0,0),(0,0),(1,0)]]
 [(0,0),(0,0),(0,0),(1,0)]]

[[(1,0),(0,0),(0,0),(0,0)]
 [(0,0),(1,0),(0,0),(0,0)]
 [(0,0),(0,0),(1,0),(0,0)]
 [(0,0),(0,0),(0,0),(1,0)]]

[[(1,0),(0,0),(0,0),(0,0)]
 [(0,0),(1,0),(0,0),(0,0)]
 [(0,0),(0,0),(1,0),(0,0)]
 [(0,0),(0,0),(0,0),(1,0)]]

[[(1,0),(0,0),(0,0),(0,0)]
 [(0,0),(1,0),(0,0),(0,0)]
 [(0,0),(0,0),(1,0),(0,0)]
 [(0,0),(0,0),(0,0),(1,0)]]

[[(1,0),(0,0),(0,0),(0,0)]
 [(0,0),(1,0),(0,0),(0,0)]
 [(0,0),(0,0),(1,0),(0,0)]
 [(0,0),(0,0),(0,0),(1,0)]]
The local Hamiltonian of the problem:
-1*C^+(down,0)C(down,0) + -1*C^+(down,1)C(down,1) + -1*C^+(up,0)C(up,0) + -1*C^+(up,1)C(up,1) + 1.4*C^+(down,0)C^+(down,1)C(down,1)C(down,0) + 0.2*C^+(down,0)C^+(up,0)C(up,1)C(down,1) + 2*C^+(down,0)C^+(up,0)C(up,0)C(down,0) + 1.6*C^+(down,0)C^+(up,1)C(up,1)C(down,0) + 0.2*C^+(down,0)C^+(up,1)C(up,0)C(down,1) + 0.2*C^+(down,1)C^+(up,0)C(up,1)C(down,0) + 1.6*C^+(down,1)C^+(up,0)C(up,0)C(down,1) + 2*C^+(down,1)C^+(up,1)C(up,1)C(down,1) + 0.2*C^+(down,1)C^+(up,1)C(up,0)C(down,0) + 1.4*C^+(up,0)C^+(up,1)C(up,1)C(up,0)
Using autopartition algorithm to partition the local Hilbert space
Found 14 subspaces.

[[(1,0),(0,0),(0,0),(0,0)]
 [(0,0),(1,0),(0,0),(0,0)]
 [(0,0),(0,0),(1,0),(0,0)]
 [(0,0),(0,0),(0,0),(1,0)]]

1%; 2%; 3%; 4%; 5%; 6%; 7%; 8%; 9%; 10%; 11%; 12%; 13%; 14%; 15%; 16%; 17%; 18%; 19%; 20%; 21%; 22%; 23%; 24%; 25%; 26%; 27%; 28%; 29%; 30%; 31%; 32%; 33%; 34%; 35%; 36%; 37%; 38%; 39%; 40%; 41%; 42%; 43%; 44%; 45%; 46%; 47%; 48%; 49%; 50%; 51%; 52%; 53%; 54%; 55%; 56%; 57%; 58%; 59%; 60%; 61%; 62%; 63%; 64%; 65%; 66%; 67%; 68%; 69%; 70%; 71%; 72%; 73%; 74%; 75%; 76%; 77%; 78%; 79%; 80%; 81%; 82%; 83%; 84%; 85%; 86%; 87%; 88%; 89%; 90%; 91%; 92%; 93%; 94%; 95%; 96%; 97%; 98%; 99%; 100%; 

density  from the sliding method (0.64911,0)
<c cdag> from the sliding method (1.5557,0)
[Node 0] Acceptance rate for all moves:
Move set Insert two operators: 0.0431699
  Move  Insert Delta_down: 0.0431774
  Move  Insert Delta_up: 0.0431623
Move set Remove two operators: 0.0431529
  Move  Remove Delta_down: 0.0431877
  Move  Remove Delta_up: 0.043118
Move set Insert four operators: 0.00388927
  Move  Insert Delta_down_down: 0.00493029
  Move  Insert Delta_down_up: 0.00289459
  Move  Insert Delta_up_down: 0.00286016
  Move  Insert Delta_up_up: 0.00487221
Move set Remove four operators: 0.00389778
  Move  Remove Delta_down_down: 0.00491518
  Move  Remove Delta_down_up: 0.00286422
  Move  Remove Delta_up_down: 0.00290229
  Move  Remove Delta_up_up: 0.004909
Move  Shift one operator: 0.271236
[Node 0] Simulation lasted: 309 seconds
[Node 0] Number of measures: 500000
Total number of measures: 4000000
Average sign: 0.763909
Average sign: 0.763909
Average sign: 0.763909
Average sign: 0.763909
Average sign: 0.763909
Average sign: 0.763909
Average sign: 0.763909
Average sign: 0.763909
GF density  {'down': array([[ 0.29818185 -2.38524478e-17j,  0.02225619 -2.55871713e-18j],
GF density  {'down': array([[ 0.29818185 -2.38524478e-17j,  0.02225619 -2.55871713e-18j],
       [ 0.02225619 +2.55871713e-18j,  0.30835813 -1.54390389e-17j]]), 'up': array([[ 0.31353265 -2.38264269e-16j, -0.00047444 +6.93889390e-19j],
       [-0.00047444 -6.93889390e-19j,  0.28927334 -3.64291930e-17j]])}
       [ 0.02225619 +2.55871713e-18j,  0.30835813 -1.54390389e-17j]]), 'up': array([[ 0.31353265 -2.38264269e-16j, -0.00047444 +6.93889390e-19j],
       [-0.00047444 -6.93889390e-19j,  0.28927334 -3.64291930e-17j]])}
GF total density  1.20934596042
GF total density  1.20934596042
GF density  {'down': array([[ 0.29818185 -2.38524478e-17j,  0.02225619 -2.55871713e-18j],
GF density  {'down': array([[ 0.29818185 -2.38524478e-17j,  0.02225619 -2.55871713e-18j],
       [ 0.02225619 +2.55871713e-18j,  0.30835813 -1.54390389e-17j]]), 'up': array([[ 0.31353265 -2.38264269e-16j, -0.00047444 +6.93889390e-19j],
       [-0.00047444 -6.93889390e-19j,  0.28927334 -3.64291930e-17j]])}
       [ 0.02225619 +2.55871713e-18j,  0.30835813 -1.54390389e-17j]]), 'up': array([[ 0.31353265 -2.38264269e-16j, -0.00047444 +6.93889390e-19j],
       [-0.00047444 -6.93889390e-19j,  0.28927334 -3.64291930e-17j]])}
GF density  {'down': array([[ 0.29818185 -2.38524478e-17j,  0.02225619 -2.55871713e-18j],
GF density  {'down': array([[ 0.29818185 -2.38524478e-17j,  0.02225619 -2.55871713e-18j],
GF density  {'down': array([[ 0.29818185 -2.38524478e-17j,  0.02225619 -2.55871713e-18j],
       [ 0.02225619 +2.55871713e-18j,  0.30835813 -1.54390389e-17j]]), 'up': array([[ 0.31353265 -2.38264269e-16j, -0.00047444 +6.93889390e-19j],
       [-0.00047444 -6.93889390e-19j,  0.28927334 -3.64291930e-17j]])}
       [ 0.02225619 +2.55871713e-18j,  0.30835813 -1.54390389e-17j]]), 'up': array([[ 0.31353265 -2.38264269e-16j, -0.00047444 +6.93889390e-19j],
       [ 0.02225619 +2.55871713e-18j,  0.30835813 -1.54390389e-17j]]), 'up': array([[ 0.31353265 -2.38264269e-16j, -0.00047444 +6.93889390e-19j],
       [-0.00047444 -6.93889390e-19j,  0.28927334 -3.64291930e-17j]])}
       [-0.00047444 -6.93889390e-19j,  0.28927334 -3.64291930e-17j]])}
GF density  {'down': array([[ 0.29818185 -2.38524478e-17j,  0.02225619 -2.55871713e-18j],
       [ 0.02225619 +2.55871713e-18j,  0.30835813 -1.54390389e-17j]]), 'up': array([[ 0.31353265 -2.38264269e-16j, -0.00047444 +6.93889390e-19j],
       [-0.00047444 -6.93889390e-19j,  0.28927334 -3.64291930e-17j]])}
GF total density  1.20934596042
GF total density  1.20934596042
GF total density  1.20934596042
GF total density  1.20934596042
GF total density  1.20934596042
GF total density  1.20934596042
